watteco/Version
watteco/config/spvconfig.xml
watteco/config/modelconfig.xml
watteco/tunslip/tunslip6.sh
watteco/tunslip/tunslip6.x
watteco/etc/init.d/awspv
watteco/supervisor/awspv.sh
watteco/supervisor/awspv.x
watteco/supervisor/watteco.xns
watteco/xoref/watteco.xor
watteco/xoref/sensor.xor
watteco/discover/discover.x
watteco/snif/snifwatt.x
watteco/simulsensors/ntemp.x
watteco/shells/clean_all_before_start.sh
watteco/sensorconfig/0006-onoff
watteco/sensorconfig/000c-analogic
watteco/sensorconfig/000f-binary
watteco/sensorconfig/0052-simplemetering
watteco/sensorconfig/0400-illuminance
watteco/sensorconfig/0402-temperature
watteco/sensorconfig/0405-humidity
watteco/sensorconfig/0406-occupancy
watteco/diatemplates/acc_elem_AR2.xml
watteco/diatemplates/acc_elem_AR3.xml
watteco/diatemplates/acc_elem_AR.xml
watteco/diatemplates/app_cont.xml
watteco/diatemplates/app_elem.xml
watteco/diatemplates/app_inst.xml
watteco/diatemplates/dat_cont_0006_0000_0.tst
watteco/diatemplates/dat_cont.xml
watteco/diatemplates/dat_inst_0006_0000_0.xml
watteco/diatemplates/dat_inst_000c_0055_0.xml
watteco/diatemplates/dat_inst_000f_0055_0.xml
watteco/diatemplates/dat_inst_0052_0000_0.xml
watteco/diatemplates/dat_inst_0052_0000_1.xml
watteco/diatemplates/dat_inst_0052_0000_3.xml
watteco/diatemplates/dat_inst_0052_0000_4.xml
watteco/diatemplates/dat_inst_0053_0000_0.xml
watteco/diatemplates/dat_inst_0053_0001_0.xml
watteco/diatemplates/dat_inst_0053_0002_0.xml
watteco/diatemplates/dat_inst_0053_0010_0.xml
watteco/diatemplates/dat_inst_0054_0000_0.xml
watteco/diatemplates/dat_inst_0054_0010_0.xml
watteco/diatemplates/dat_inst_0055_0000_0.xml
watteco/diatemplates/dat_inst_0055_0010_0.xml
watteco/diatemplates/dat_inst_0400_0000_0.xml
watteco/diatemplates/dat_inst_0402_0000_0.xml
watteco/diatemplates/dat_inst_0405_0000_0.xml
watteco/diatemplates/dat_inst_0406_0000_0.xml
watteco/diatemplates/dev_cont.xml
watteco/diatemplates/dev_elem.xml
watteco/diatemplates/dev_inst.xml
watteco/diatemplates/ipu_cont.xml
watteco/diatemplates/ipu_elem.xml
watteco/diatemplates/ipu_inst.xml
watteco/diatemplates/itf_inst_0006_server.xml
watteco/diatemplates/itf_inst_0006_client.xml
watteco/diatemplates/itf_inst_000c_server.xml
watteco/diatemplates/itf_inst_000f_server.xml
watteco/diatemplates/itf_inst_0052_server.xml
watteco/diatemplates/itf_inst_0053_server.xml
watteco/diatemplates/itf_inst_0054_server.xml
watteco/diatemplates/itf_inst_0055_server.xml
watteco/diatemplates/itf_inst_0400_server.xml
watteco/diatemplates/itf_inst_0402_server.xml
watteco/diatemplates/itf_inst_0405_server.xml
watteco/diatemplates/itf_inst_0406_server.xml
watteco/diatemplates/met_cont.xml
watteco/diatemplates/namespace.xns
watteco/diatemplates/net_cont.xml
watteco/diatemplates/net_elem.xml
watteco/diatemplates/net_inst.xml
